[0.008s] Invoking command in '/home/luna/ws2Backup3_1_25/src/cpp_pubsub/build/cpp_pubsub': CMAKE_PREFIX_PATH=/opt/ros/humble /usr/bin/cmake /home/luna/ws2Backup3_1_25/src/cpp_pubsub -DAMENT_CMAKE_SYMLINK_INSTALL=1 -DCMAKE_INSTALL_PREFIX=/home/luna/ws2Backup3_1_25/src/cpp_pubsub/install/cpp_pubsub
[0.123s] -- The C compiler identification is GNU 11.4.0
[0.200s] -- The CXX compiler identification is GNU 11.4.0
[0.207s] -- Detecting C compiler ABI info
[0.270s] -- Detecting C compiler ABI info - done
[0.276s] -- Check for working C compiler: /usr/bin/cc - skipped
[0.276s] -- Detecting C compile features
[0.277s] -- Detecting C compile features - done
[0.281s] -- Detecting CXX compiler ABI info
[0.341s] -- Detecting CXX compiler ABI info - done
[0.345s] -- Check for working CXX compiler: /usr/bin/c++ - skipped
[0.345s] -- Detecting CXX compile features
[0.346s] -- Detecting CXX compile features - done
[0.349s] -- Found ament_cmake: 1.3.11 (/opt/ros/humble/share/ament_cmake/cmake)
[0.452s] -- Found Python3: /usr/bin/python3 (found version "3.10.12") found components: Interpreter 
[0.496s] -- Override CMake install command with custom implementation using symlinks instead of copying resources
[0.521s] -- Found rclcpp: 16.0.11 (/opt/ros/humble/share/rclcpp/cmake)
[0.556s] -- Found rosidl_generator_c: 3.1.6 (/opt/ros/humble/share/rosidl_generator_c/cmake)
[0.561s] -- Found rosidl_adapter: 3.1.6 (/opt/ros/humble/share/rosidl_adapter/cmake)
[0.568s] -- Found rosidl_generator_cpp: 3.1.6 (/opt/ros/humble/share/rosidl_generator_cpp/cmake)
[0.579s] -- Using all available rosidl_typesupport_c: rosidl_typesupport_fastrtps_c;rosidl_typesupport_introspection_c
[0.592s] -- Using all available rosidl_typesupport_cpp: rosidl_typesupport_fastrtps_cpp;rosidl_typesupport_introspection_cpp
[0.628s] -- Found rmw_implementation_cmake: 6.1.2 (/opt/ros/humble/share/rmw_implementation_cmake/cmake)
[0.631s] -- Found rmw_fastrtps_cpp: 6.2.7 (/opt/ros/humble/share/rmw_fastrtps_cpp/cmake)
[0.693s] -- Found OpenSSL: /usr/lib/x86_64-linux-gnu/libcrypto.so (found version "3.0.2")  
[0.712s] -- Found FastRTPS: /opt/ros/humble/include  
[0.739s] -- Using RMW implementation 'rmw_fastrtps_cpp' as default
[0.747s] -- Looking for pthread.h
[0.802s] -- Looking for pthread.h - found
[0.802s] -- Performing Test CMAKE_HAVE_LIBC_PTHREAD
[0.852s] -- Performing Test CMAKE_HAVE_LIBC_PTHREAD - Success
[0.853s] -- Found Threads: TRUE  
[0.895s] -- Found geometry_msgs: 4.2.4 (/opt/ros/humble/share/geometry_msgs/cmake)
[0.906s] -- Found sensor_msgs: 4.2.4 (/opt/ros/humble/share/sensor_msgs/cmake)
[0.919s] -- Found rosidl_default_generators: 1.2.0 (/opt/ros/humble/share/rosidl_default_generators/cmake)
[0.932s] [31mCMake Error at CMakeLists.txt:15 (find_package):
[0.932s]   By not providing "Findros_phoenix.cmake" in CMAKE_MODULE_PATH this project
[0.932s]   has asked CMake to find a package configuration file provided by
[0.932s]   "ros_phoenix", but CMake did not find one.
[0.932s] 
[0.932s]   Could not find a package configuration file provided by "ros_phoenix" with
[0.932s]   any of the following names:
[0.932s] 
[0.932s]     ros_phoenixConfig.cmake
[0.932s]     ros_phoenix-config.cmake
[0.932s] 
[0.932s]   Add the installation prefix of "ros_phoenix" to CMAKE_PREFIX_PATH or set
[0.932s]   "ros_phoenix_DIR" to a directory containing one of the above files.  If
[0.932s]   "ros_phoenix" provides a separate development package or SDK, be sure it
[0.933s]   has been installed.
[0.933s] 
[0.933s] [0m
[0.933s] -- Configuring incomplete, errors occurred!
[0.933s] See also "/home/luna/ws2Backup3_1_25/src/cpp_pubsub/build/cpp_pubsub/CMakeFiles/CMakeOutput.log".
[0.938s] Invoked command in '/home/luna/ws2Backup3_1_25/src/cpp_pubsub/build/cpp_pubsub' returned '1': CMAKE_PREFIX_PATH=/opt/ros/humble /usr/bin/cmake /home/luna/ws2Backup3_1_25/src/cpp_pubsub -DAMENT_CMAKE_SYMLINK_INSTALL=1 -DCMAKE_INSTALL_PREFIX=/home/luna/ws2Backup3_1_25/src/cpp_pubsub/install/cpp_pubsub
